2023-04-19 22:58:43 - [32minfo[39m: Reading configs from /Users/sindhupullapantula/Desktop/Automate-assignment/mocha-browserstack/browserstack.yml
2023-04-19 22:58:50 - [32minfo[39m: Local binary started successfully
2023-04-19 22:58:50 - [32minfo[39m: Running your mocha tests across 3 platforms
2023-04-19 22:58:50 - [32minfo[39m: Now, showing logs from mocha
2023-04-19 22:58:52 - [32minfo[39m: Configuring to run tests on BrowserStack
2023-04-19 22:58:52 - [32minfo[39m: Configuring to run tests on BrowserStack
2023-04-19 22:58:52 - [32minfo[39m: Configuring to run tests on BrowserStack
2023-04-19 22:59:11 - [32minfo[39m: View build on BrowserStack dashboard: https://automate.browserstack.com/dashboard/v2/builds/c31064039caf6e9638b864517caaa866db66c6c6
2023-04-19 22:59:12 - [32minfo[39m: Visit https://observability.browserstack.com/builds/nu4r9pq3s33x1w13wcba0hld3etubpinxxxothhb to view build report, insights, and many more debugging information all at one place!

2023-04-19 22:59:16 - [32minfo[39m: Local binary stopped
2023-04-19 23:00:50 - [32minfo[39m: Reading configs from /Users/sindhupullapantula/Desktop/Automate-assignment/mocha-browserstack/browserstack.yml
2023-04-19 23:00:56 - [32minfo[39m: Local binary started successfully
2023-04-19 23:00:56 - [32minfo[39m: Running your mocha tests across 3 platforms
2023-04-19 23:00:56 - [32minfo[39m: Now, showing logs from mocha
2023-04-19 23:00:58 - [32minfo[39m: Configuring to run tests on BrowserStack
2023-04-19 23:00:58 - [32minfo[39m: Configuring to run tests on BrowserStack
2023-04-19 23:00:58 - [32minfo[39m: Configuring to run tests on BrowserStack
2023-04-19 23:01:22 - [32minfo[39m: View build on BrowserStack dashboard: https://automate.browserstack.com/dashboard/v2/builds/0bffa0f87e3f7e0781ab6db18578ff791286295d
2023-04-19 23:01:23 - [32minfo[39m: Visit https://observability.browserstack.com/builds/rkx23p7fwkn5smb0vvlkine36ulxoxplhesr6gty to view build report, insights, and many more debugging information all at one place!

2023-04-19 23:01:27 - [32minfo[39m: Local binary stopped
2023-04-20 00:10:56 - [32minfo[39m: Reading configs from /Users/sindhupullapantula/Desktop/Automate-assignment/mocha-browserstack/browserstack.yml
2023-04-20 00:11:03 - [32minfo[39m: Local binary started successfully
2023-04-20 00:11:03 - [32minfo[39m: Running your mocha tests across 3 platforms
2023-04-20 00:11:03 - [32minfo[39m: Now, showing logs from mocha
2023-04-20 00:11:05 - [32minfo[39m: Configuring to run tests on BrowserStack
2023-04-20 00:11:05 - [32minfo[39m: Configuring to run tests on BrowserStack
2023-04-20 00:11:05 - [32minfo[39m: Configuring to run tests on BrowserStack
2023-04-20 00:11:26 - [32minfo[39m: View build on BrowserStack dashboard: https://automate.browserstack.com/dashboard/v2/builds/612bf013a22d74d85837f045b6b36ab3eb1534ea
2023-04-20 00:11:27 - [32minfo[39m: Visit https://observability.browserstack.com/builds/cjqjmxozedhksmwhb58ffqtqtonoxpif0mwoph94 to view build report, insights, and many more debugging information all at one place!

2023-04-20 00:11:31 - [32minfo[39m: Local binary stopped
2023-04-20 00:27:29 - [32minfo[39m: Reading configs from /Users/sindhupullapantula/Desktop/Automate-assignment/mocha-browserstack/browserstack.yml
2023-04-20 00:27:35 - [32minfo[39m: Local binary started successfully
2023-04-20 00:27:35 - [32minfo[39m: Running your mocha tests across 3 platforms
2023-04-20 00:27:35 - [32minfo[39m: Now, showing logs from mocha
2023-04-20 00:27:37 - [32minfo[39m: Configuring to run tests on BrowserStack
2023-04-20 00:27:37 - [32minfo[39m: Configuring to run tests on BrowserStack
2023-04-20 00:27:37 - [32minfo[39m: Configuring to run tests on BrowserStack
2023-04-20 00:28:03 - [32minfo[39m: View build on BrowserStack dashboard: https://automate.browserstack.com/dashboard/v2/builds/8fbadee3922933ea67a05a2411764ed7f19100e8
2023-04-20 00:28:04 - [32minfo[39m: Visit https://observability.browserstack.com/builds/l9sj3xikgfnhhkrjwqopnqhyku95eugdepy2eryg to view build report, insights, and many more debugging information all at one place!

2023-04-20 00:28:08 - [32minfo[39m: Local binary stopped
2023-04-20 00:35:51 - [32minfo[39m: Reading configs from /Users/sindhupullapantula/Desktop/Automate-assignment/mocha-browserstack/browserstack.yml
2023-04-20 00:35:58 - [32minfo[39m: Local binary started successfully
2023-04-20 00:35:58 - [32minfo[39m: Running your mocha tests across 3 platforms
2023-04-20 00:35:58 - [32minfo[39m: Now, showing logs from mocha
2023-04-20 00:36:00 - [32minfo[39m: Configuring to run tests on BrowserStack
2023-04-20 00:36:00 - [32minfo[39m: Configuring to run tests on BrowserStack
2023-04-20 00:36:00 - [32minfo[39m: Configuring to run tests on BrowserStack
2023-04-20 00:36:21 - [32minfo[39m: View build on BrowserStack dashboard: https://automate.browserstack.com/dashboard/v2/builds/49df4e71a25266ce28102b20fa5289df06c21764
2023-04-20 00:36:21 - [32minfo[39m: Visit https://observability.browserstack.com/builds/dtqpxzzlxeoffoo9tpsm8t8snug6tcd9x7n2hcyr to view build report, insights, and many more debugging information all at one place!

2023-04-20 00:36:26 - [32minfo[39m: Local binary stopped
2023-04-20 00:40:55 - [32minfo[39m: Reading configs from /Users/sindhupullapantula/Desktop/Automate-assignment/mocha-browserstack/browserstack.yml
2023-04-20 00:41:03 - [32minfo[39m: Local binary started successfully
2023-04-20 00:41:03 - [32minfo[39m: Running your mocha tests across 3 platforms
2023-04-20 00:41:03 - [32minfo[39m: Now, showing logs from mocha
2023-04-20 00:41:05 - [32minfo[39m: Configuring to run tests on BrowserStack
2023-04-20 00:41:05 - [32minfo[39m: Configuring to run tests on BrowserStack
2023-04-20 00:41:05 - [32minfo[39m: Configuring to run tests on BrowserStack
2023-04-20 00:41:28 - [32minfo[39m: View build on BrowserStack dashboard: https://automate.browserstack.com/dashboard/v2/builds/25680673799e8ffae70faaf33d0c4c494cde93f2
2023-04-20 00:41:29 - [32minfo[39m: Visit https://observability.browserstack.com/builds/lkhixrpzeccmtbxptvm6ntmqdg06mndhmebhqpof to view build report, insights, and many more debugging information all at one place!

2023-04-20 00:41:33 - [32minfo[39m: Local binary stopped
2023-04-20 00:41:54 - [32minfo[39m: Reading configs from /Users/sindhupullapantula/Desktop/Automate-assignment/mocha-browserstack/browserstack.yml
2023-04-20 00:42:00 - [32minfo[39m: Local binary started successfully
2023-04-20 00:42:00 - [32minfo[39m: Running your mocha tests across 3 platforms
2023-04-20 00:42:00 - [32minfo[39m: Now, showing logs from mocha
2023-04-20 00:42:02 - [32minfo[39m: Configuring to run tests on BrowserStack
2023-04-20 00:42:02 - [32minfo[39m: Configuring to run tests on BrowserStack
2023-04-20 00:42:02 - [32minfo[39m: Configuring to run tests on BrowserStack
2023-04-20 00:46:50 - [32minfo[39m: Local binary stopped
2023-04-20 00:46:49 - [32minfo[39m: Reading configs from /Users/sindhupullapantula/Desktop/Automate-assignment/mocha-browserstack/browserstack.yml
2023-04-20 00:46:57 - [32minfo[39m: Local binary started successfully
2023-04-20 00:46:57 - [32minfo[39m: Running your mocha tests across 3 platforms
2023-04-20 00:46:57 - [32minfo[39m: Now, showing logs from mocha
2023-04-20 00:46:59 - [32minfo[39m: Configuring to run tests on BrowserStack
2023-04-20 00:46:59 - [32minfo[39m: Configuring to run tests on BrowserStack
2023-04-20 00:46:59 - [32minfo[39m: Configuring to run tests on BrowserStack
2023-04-20 00:47:01 - [32minfo[39m: Visit https://observability.browserstack.com/builds/6jcqosjezz6tl3lu7dwxsvs1cfnnduvq320mdumz to view build report, insights, and many more debugging information all at one place!

2023-04-20 00:47:06 - [32minfo[39m: Local binary stopped
2023-04-20 00:51:56 - [32minfo[39m: Reading configs from /Users/sindhupullapantula/Desktop/Automate-assignment/mocha-browserstack/browserstack.yml
2023-04-20 00:52:04 - [32minfo[39m: Local binary started successfully
2023-04-20 00:52:04 - [32minfo[39m: Running your mocha tests across 3 platforms
2023-04-20 00:52:04 - [32minfo[39m: Now, showing logs from mocha
2023-04-20 00:52:06 - [32minfo[39m: Configuring to run tests on BrowserStack
2023-04-20 00:52:06 - [32minfo[39m: Configuring to run tests on BrowserStack
2023-04-20 00:52:06 - [32minfo[39m: Configuring to run tests on BrowserStack
2023-04-20 00:52:35 - [32minfo[39m: View build on BrowserStack dashboard: https://automate.browserstack.com/dashboard/v2/builds/fc6676244aae29d9b82a2dde011fd527bdfff87c
2023-04-20 00:52:36 - [32minfo[39m: Visit https://observability.browserstack.com/builds/fq0i7rdpvzphjobahfhjbmgjujmirwdfaq9lh6y5 to view build report, insights, and many more debugging information all at one place!

2023-04-20 00:52:41 - [32minfo[39m: Local binary stopped
2023-04-20 01:09:53 - [32minfo[39m: Reading configs from /Users/sindhupullapantula/Desktop/Automate-assignment/mocha-browserstack/browserstack.yml
2023-04-20 01:10:01 - [32minfo[39m: Local binary started successfully
2023-04-20 01:10:01 - [32minfo[39m: Running your mocha tests across 3 platforms
2023-04-20 01:10:01 - [32minfo[39m: Now, showing logs from mocha
2023-04-20 01:10:03 - [32minfo[39m: Configuring to run tests on BrowserStack
2023-04-20 01:10:03 - [32minfo[39m: Configuring to run tests on BrowserStack
2023-04-20 01:10:03 - [32minfo[39m: Configuring to run tests on BrowserStack
2023-04-20 01:10:51 - [32minfo[39m: View build on BrowserStack dashboard: https://automate.browserstack.com/dashboard/v2/builds/5b20a8d740d301238a2504fee6426007c1d19ce4
2023-04-20 01:10:52 - [32minfo[39m: Visit https://observability.browserstack.com/builds/lems9a8l1jkplb9mg53hkvrg0apyzddm5ozyldqj to view build report, insights, and many more debugging information all at one place!

2023-04-20 01:10:56 - [32minfo[39m: Local binary stopped
2023-04-20 01:12:46 - [32minfo[39m: Reading configs from /Users/sindhupullapantula/Desktop/Automate-assignment/mocha-browserstack/browserstack.yml
2023-04-20 01:12:54 - [32minfo[39m: Local binary started successfully
2023-04-20 01:12:54 - [32minfo[39m: Running your mocha tests across 3 platforms
2023-04-20 01:12:54 - [32minfo[39m: Now, showing logs from mocha
2023-04-20 01:12:56 - [32minfo[39m: Configuring to run tests on BrowserStack
2023-04-20 01:12:56 - [32minfo[39m: Configuring to run tests on BrowserStack
2023-04-20 01:12:56 - [32minfo[39m: Configuring to run tests on BrowserStack
2023-04-20 01:13:42 - [32minfo[39m: View build on BrowserStack dashboard: https://automate.browserstack.com/dashboard/v2/builds/068c3a4e6c1ba4e5c33cf5c4b09acd03e88a3edf
2023-04-20 01:13:43 - [32minfo[39m: Visit https://observability.browserstack.com/builds/kmtwmtmhn8oc6zueakqnttpviziml230zpdgn4f4 to view build report, insights, and many more debugging information all at one place!

2023-04-20 01:13:47 - [32minfo[39m: Local binary stopped
2023-04-20 02:13:09 - [32minfo[39m: Visit https://observability.browserstack.com/builds/kx1h84lfp3ysdhnfbnlkb22wwz39qpldjehlgadi to view build report, insights, and many more debugging information all at one place!

2023-04-22 21:39:38 - [32minfo[39m: Reading configs from /Users/sindhupullapantula/Desktop/Automate-assignment/mocha-browserstack/browserstack.yml
2023-04-22 21:39:44 - [32minfo[39m: Local binary started successfully
2023-04-22 21:39:44 - [32minfo[39m: Running your mocha tests across 3 platforms
2023-04-22 21:39:44 - [32minfo[39m: Now, showing logs from mocha
2023-04-22 21:39:46 - [32minfo[39m: Configuring to run tests on BrowserStack
2023-04-22 21:39:46 - [32minfo[39m: Configuring to run tests on BrowserStack
2023-04-22 21:39:46 - [32minfo[39m: Configuring to run tests on BrowserStack
2023-04-22 21:40:17 - [32minfo[39m: View build on BrowserStack dashboard: https://automate.browserstack.com/dashboard/v2/builds/50c420841ecd3215c96fd6f7863548238a5633a5
2023-04-22 21:40:19 - [32minfo[39m: Visit https://observability.browserstack.com/builds/znop5npjgvpwowcgo3cjuz7yc8cmolgrwi8joojm to view build report, insights, and many more debugging information all at one place!

2023-04-22 21:40:23 - [32minfo[39m: Local binary stopped
2023-04-22 21:44:24 - [32minfo[39m: Reading configs from /Users/sindhupullapantula/Desktop/Automate-assignment/mocha-browserstack/browserstack.yml
2023-04-22 21:44:32 - [32minfo[39m: Local binary started successfully
2023-04-22 21:44:32 - [32minfo[39m: Running your mocha tests across 3 platforms
2023-04-22 21:44:32 - [32minfo[39m: Now, showing logs from mocha
2023-04-22 21:44:33 - [32minfo[39m: Configuring to run tests on BrowserStack
2023-04-22 21:44:33 - [32minfo[39m: Configuring to run tests on BrowserStack
2023-04-22 21:44:33 - [32minfo[39m: Configuring to run tests on BrowserStack
2023-04-22 21:45:02 - [32minfo[39m: View build on BrowserStack dashboard: https://automate.browserstack.com/dashboard/v2/builds/830b1edf73900995c4fb2297399b025446677c9d
2023-04-22 21:45:03 - [32minfo[39m: Visit https://observability.browserstack.com/builds/ldsdkonml6bnd4ygmb6xskbrjnlwmgdotx2dah9y to view build report, insights, and many more debugging information all at one place!

2023-04-22 21:45:07 - [32minfo[39m: Local binary stopped
2023-04-22 22:07:37 - [32minfo[39m: Reading configs from /Users/sindhupullapantula/Desktop/Automate-assignment/mocha-browserstack/browserstack.yml
2023-04-22 22:07:46 - [32minfo[39m: Local binary started successfully
2023-04-22 22:07:46 - [32minfo[39m: Running your mocha tests across 3 platforms
2023-04-22 22:07:46 - [32minfo[39m: Now, showing logs from mocha
2023-04-22 22:07:49 - [32minfo[39m: Configuring to run tests on BrowserStack
2023-04-22 22:07:49 - [32minfo[39m: Configuring to run tests on BrowserStack
2023-04-22 22:07:49 - [32minfo[39m: Configuring to run tests on BrowserStack
2023-04-22 22:08:23 - [32minfo[39m: View build on BrowserStack dashboard: https://automate.browserstack.com/dashboard/v2/builds/48cd6633c47457cce0903cb0b3ac15447f943ee4
2023-04-22 22:08:24 - [32minfo[39m: Visit https://observability.browserstack.com/builds/wuhq5s3a5pbmohfspuvnh8eirbzxgeryukqcr3ot to view build report, insights, and many more debugging information all at one place!

2023-04-22 22:08:28 - [32minfo[39m: Local binary stopped
2023-04-22 22:09:57 - [32minfo[39m: Reading configs from /Users/sindhupullapantula/Desktop/Automate-assignment/mocha-browserstack/browserstack.yml
2023-04-22 22:10:04 - [32minfo[39m: Local binary started successfully
2023-04-22 22:10:04 - [32minfo[39m: Running your mocha tests across 3 platforms
2023-04-22 22:10:04 - [32minfo[39m: Now, showing logs from mocha
2023-04-22 22:10:06 - [32minfo[39m: Configuring to run tests on BrowserStack
2023-04-22 22:10:06 - [32minfo[39m: Configuring to run tests on BrowserStack
2023-04-22 22:10:06 - [32minfo[39m: Configuring to run tests on BrowserStack
2023-04-22 22:10:40 - [32minfo[39m: View build on BrowserStack dashboard: https://automate.browserstack.com/dashboard/v2/builds/55881b38c3dec02fafd098ad147615ab6bd4fa35
2023-04-22 22:10:41 - [32minfo[39m: Visit https://observability.browserstack.com/builds/g7regkgxvadiasnqfo4ftvrob4ns6f8rh0qdfskp to view build report, insights, and many more debugging information all at one place!

2023-04-22 22:10:45 - [32minfo[39m: Local binary stopped
2023-04-23 12:01:02 - [32minfo[39m: Reading configs from /Users/sindhupullapantula/Desktop/Automate-assignment/mocha-browserstack/browserstack.yml
2023-04-23 12:01:08 - [32minfo[39m: Local binary started successfully
2023-04-23 12:01:08 - [32minfo[39m: Running your mocha tests across 3 platforms
2023-04-23 12:01:08 - [32minfo[39m: Now, showing logs from mocha
2023-04-23 12:01:10 - [32minfo[39m: Configuring to run tests on BrowserStack
2023-04-23 12:01:10 - [32minfo[39m: Configuring to run tests on BrowserStack
2023-04-23 12:01:10 - [32minfo[39m: Configuring to run tests on BrowserStack
2023-04-23 12:01:39 - [32minfo[39m: View build on BrowserStack dashboard: https://automate.browserstack.com/dashboard/v2/builds/73181f98218883e04ad737d3b5308a2c9af5ad92
2023-04-23 12:01:40 - [32minfo[39m: Visit https://observability.browserstack.com/builds/2f8l0miw7ucqaazwrqwhxquluzhczhxserwcm8aq to view build report, insights, and many more debugging information all at one place!

2023-04-23 12:01:45 - [32minfo[39m: Local binary stopped
2023-04-23 12:03:56 - [32minfo[39m: Reading configs from /Users/sindhupullapantula/Desktop/Automate-assignment/mocha-browserstack/browserstack.yml
2023-04-23 12:04:03 - [32minfo[39m: Local binary started successfully
2023-04-23 12:04:03 - [32minfo[39m: Running your mocha tests across 3 platforms
2023-04-23 12:04:03 - [32minfo[39m: Now, showing logs from mocha
2023-04-23 12:04:05 - [32minfo[39m: Configuring to run tests on BrowserStack
2023-04-23 12:04:05 - [32minfo[39m: Configuring to run tests on BrowserStack
2023-04-23 12:04:05 - [32minfo[39m: Configuring to run tests on BrowserStack
2023-04-23 12:04:40 - [32minfo[39m: View build on BrowserStack dashboard: https://automate.browserstack.com/dashboard/v2/builds/93df63a60ef07af0dad07468e62e17e0821c1805
2023-04-23 12:04:41 - [32minfo[39m: Visit https://observability.browserstack.com/builds/xg9wqoyvpsj92chk3qce6uhyfalbn3nokvgunea5 to view build report, insights, and many more debugging information all at one place!

2023-04-23 12:04:45 - [32minfo[39m: Local binary stopped
2023-04-23 12:11:10 - [32minfo[39m: Reading configs from /Users/sindhupullapantula/Desktop/Automate-assignment/mocha-browserstack/browserstack.yml
2023-04-23 12:11:17 - [32minfo[39m: Local binary started successfully
2023-04-23 12:11:17 - [32minfo[39m: Running your mocha tests across 3 platforms
2023-04-23 12:11:17 - [32minfo[39m: Now, showing logs from mocha
2023-04-23 12:11:19 - [32minfo[39m: Configuring to run tests on BrowserStack
2023-04-23 12:11:19 - [32minfo[39m: Configuring to run tests on BrowserStack
2023-04-23 12:11:19 - [32minfo[39m: Configuring to run tests on BrowserStack
2023-04-23 12:12:26 - [32minfo[39m: View build on BrowserStack dashboard: https://automate.browserstack.com/dashboard/v2/builds/6c62fd8166d92599c9424026abe32f9efee1d930
2023-04-23 12:12:26 - [32minfo[39m: Visit https://observability.browserstack.com/builds/2u84slkhuklklznleffscwljdrunydmftmkzyabd to view build report, insights, and many more debugging information all at one place!

2023-04-23 12:12:30 - [32minfo[39m: Local binary stopped
2023-04-23 12:12:54 - [32minfo[39m: Reading configs from /Users/sindhupullapantula/Desktop/Automate-assignment/mocha-browserstack/browserstack.yml
2023-04-23 12:13:00 - [32minfo[39m: Local binary started successfully
2023-04-23 12:13:00 - [32minfo[39m: Running your mocha tests across 3 platforms
2023-04-23 12:13:00 - [32minfo[39m: Now, showing logs from mocha
2023-04-23 12:13:02 - [32minfo[39m: Configuring to run tests on BrowserStack
2023-04-23 12:13:02 - [32minfo[39m: Configuring to run tests on BrowserStack
2023-04-23 12:13:02 - [32minfo[39m: Configuring to run tests on BrowserStack
2023-04-23 12:13:37 - [32minfo[39m: View build on BrowserStack dashboard: https://automate.browserstack.com/dashboard/v2/builds/90c49c427d8b4c53df70ebf5f547ec1b9fbed4c2
2023-04-23 12:13:38 - [32minfo[39m: Visit https://observability.browserstack.com/builds/lvyvzu9gtxpzaecl1yi18y07kuho57m3ysgnlnpj to view build report, insights, and many more debugging information all at one place!

2023-04-23 12:13:42 - [32minfo[39m: Local binary stopped
2023-05-02 10:15:20 - [32minfo[39m: Reading configs from /Users/sindhupullapantula/Desktop/Automate-example/browserstack.yml
2023-05-02 10:15:29 - [32minfo[39m: Local binary started successfully
2023-05-02 10:15:29 - [32minfo[39m: Running your mocha tests across 3 platforms
2023-05-02 10:15:29 - [32minfo[39m: Now, showing logs from mocha
2023-05-02 10:15:31 - [32minfo[39m: Configuring to run tests on BrowserStack
2023-05-02 10:15:31 - [32minfo[39m: Configuring to run tests on BrowserStack
2023-05-02 10:15:31 - [32minfo[39m: Configuring to run tests on BrowserStack
2023-05-02 10:16:38 - [32minfo[39m: View build on BrowserStack dashboard: https://automate.browserstack.com/dashboard/v2/builds/086235d35af59dadb7c0c0235cecfc29984338c6
2023-05-02 10:16:38 - [32minfo[39m: Visit https://observability.browserstack.com/builds/ljslgomh7isu5nt1drfmopz1wnicmcdq6rxvwksm to view build report, insights, and many more debugging information all at one place!

2023-05-02 10:16:43 - [32minfo[39m: Local binary stopped
2023-05-02 10:21:11 - [32minfo[39m: Reading configs from /Users/sindhupullapantula/Desktop/Automate-example/browserstack.yml
2023-05-02 10:21:19 - [32minfo[39m: Local binary started successfully
2023-05-02 10:21:19 - [32minfo[39m: Running your mocha tests across 3 platforms
2023-05-02 10:21:19 - [32minfo[39m: Now, showing logs from mocha
2023-05-02 10:21:21 - [32minfo[39m: Configuring to run tests on BrowserStack
2023-05-02 10:21:21 - [32minfo[39m: Configuring to run tests on BrowserStack
2023-05-02 10:21:21 - [32minfo[39m: Configuring to run tests on BrowserStack
2023-05-02 10:22:18 - [32minfo[39m: View build on BrowserStack dashboard: https://automate.browserstack.com/dashboard/v2/builds/1ebbf2758603c1a3dcb5e48173a32dc06b19ecb8
2023-05-02 10:22:19 - [32minfo[39m: Visit https://observability.browserstack.com/builds/7qv0usvzxswyds7k1ux4qtelijsdfeemx0svf4bo to view build report, insights, and many more debugging information all at one place!

2023-05-02 10:22:24 - [32minfo[39m: Local binary stopped
2023-05-02 23:20:02 - [32minfo[39m: Reading configs from /Users/sindhupullapantula/Desktop/Automate-example/browserstack.yml
2023-05-02 23:20:11 - [32minfo[39m: Local binary started successfully
2023-05-02 23:20:11 - [32minfo[39m: Running your mocha tests across 3 platforms
2023-05-02 23:20:11 - [32minfo[39m: Now, showing logs from mocha
2023-05-02 23:20:13 - [32minfo[39m: Configuring to run tests on BrowserStack
2023-05-02 23:20:13 - [32minfo[39m: Configuring to run tests on BrowserStack
2023-05-02 23:20:13 - [32minfo[39m: Configuring to run tests on BrowserStack
2023-05-02 23:20:47 - [32minfo[39m: View build on BrowserStack dashboard: https://automate.browserstack.com/dashboard/v2/builds/2e462a2c737953e0b0392115668d18e40f9b1dfc
2023-05-02 23:20:48 - [32minfo[39m: Visit https://observability.browserstack.com/builds/yachvkvwbtqrlpr25w2owhmztb6txufvf3f15waa to view build report, insights, and many more debugging information all at one place!

2023-05-02 23:20:53 - [32minfo[39m: Local binary stopped
2023-05-03 10:34:39 - [32minfo[39m: Creating configuration file...
2023-05-03 10:34:39 - [32minfo[39m: Adding new script(s) in package.json...
2023-05-03 10:34:39 - [32minfo[39m: Setup completed
